// Jest Snapshot v1, https://goo.gl/fbAQLP

exports[`test BookCard Component 1`] = `
<DocumentFragment>
  <a
    href="/book/1"
  >
    <div
      class="container"
      title="Crime and Punishment"
    >
      <div
        class="imageWrapper"
      >
        <img
          alt="picture"
          loading="lazy"
          src="https://some-url.com"
        />
      </div>
      <div
        class="category"
      >
        art
      </div>
      <div
        class="title"
      >
        Crime and Punishment
      </div>
      <div
        class="authorWrapper"
      >
        <h4
          class="author"
        >
          Conan Doyle,
        </h4>
        <h4
          class="author"
        >
          Richard Dawkins
        </h4>
      </div>
    </div>
  </a>
</DocumentFragment>
`;
