// Jest Snapshot v1, https://goo.gl/fbAQLP

exports[`test Navigation Component 1`] = `
<DocumentFragment>
  <div
    class="Container"
  >
    <div
      class="Wrapper"
    >
      <a
        href="/"
      >
        Home
      </a>
      <div
        class="RightSide"
      >
        <div
          class="Wrapper"
        >
          <div
            class="select"
          >
            <div
              class="selectShow"
              role="selected"
              tabindex="0"
            >
              en
            </div>
          </div>
        </div>
      </div>
    </div>
  </div>
</DocumentFragment>
`;
